<?xml version="1.0" encoding="UTF-8"?>
<dataset>
	
	<Deposito id="1" luogo="San Gennarello" />
	<Deposito id="2" luogo="Mercato San Severino" />
	
</dataset>