<?xml version="1.0" encoding="UTF-8"?>
<dataset>
	
	<Deposito id="1" luogo="Roccarainola" />
	<Deposito id="2" luogo="San Gennarello" />
	<Deposito id="3" luogo="Mercato San Severino" />
	<Deposito id="4" luogo="Bari" />
	
</dataset>