<?xml version="1.0" encoding="UTF-8"?>
<dataset>
	
	<NumTel num="+393338798754" email="vincenzo.offertucci@gmail.com" />
	<NumTel num="+393125642855" email="christian.gambardella@gmail.com" />
	<NumTel num="+393125641111" email="christian.gambardella@gmail.com" />
	
</dataset>