<?xml version="1.0" encoding="UTF-8"?>
<dataset>
	
	<Indirizzo id="1" email="vincenzo.offertucci@gmail.com" provincia="Napoli" comune="Ottaviano" via="Caracelli" civico="8" CAP="80044" />
	<Indirizzo id="2" email="vincenzo.offertucci@gmail.com" provincia="Salerno" comune="Mercato San Severino" via="Fenizia e Marotta" civico="5" CAP="84085" />
	<Indirizzo id="1" email="christian.gambardella@gmail.com" provincia="Salerno" comune="Scafati" via="Cortile Cocco" civico="3" CAP="80044" />

</dataset>