<?xml version="1.0" encoding="UTF-8"?>
<dataset>
	
	<Account email="vincenzo.offertucci@gmail.com" nome="Enzo" cognome="Off" dataNascita="2000-08-15" password="e3c8a2bdeb2ae5425d2216b6abe1ca96" nomeIG="ProvaIG"/>
	<Account email="christian.gambardella@gmail.com" nome="Christian" cognome="Gambardella" dataNascita="2000-12-11" password="93f6fc14ab347f6dd1ea7de992877097"  nomeIG="UnruhMaker" />
	<Account email="vittorio.armenante@gmail.com" nome="Vittorio" cognome="Armenante" dataNascita="2000-09-11" password="8e11bf5b2f5ab41eba58fe8b1e6ab436" nomeIG="Peppe$on" />

</dataset>