<?xml version="1.0" encoding="UTF-8"?>
<dataset>
	
	<Corriere nome="veloce" tempo="4 giorni" costoSped="10.00" />
	
</dataset>