<?xml version="1.0" encoding="UTF-8"?>
<dataset>
	
	<Corriere nome="lenta" tempo="7 giorni" costoSped="7.00" />
	<Corriere nome="veloce" tempo="4 giorni" costoSped="10.00" />
	<Corriere nome="molto veloce" tempo="2 giorni" costoSped="13.00" />
	
</dataset>